// Jest Snapshot v1, https://goo.gl/fbAQLP

exports[`matches snapshot 1`] = `
<DocumentFragment>
  <div
    class="Boxlist"
  >
    <div
      class="Boxlist-form-container"
    >
      <form>
        <label
          for="color"
        >
          Color 
        </label>
        <input
          id="color"
          name="color"
          placeholder="Color!"
          type="text"
          value=""
        />
        <label
          for="width"
        >
          Width 
        </label>
        <input
          id="width"
          name="width"
          placeholder="Width!"
          type="text"
          value=""
        />
        <label
          for="height"
        >
          Height 
        </label>
        <input
          id="height"
          name="height"
          placeholder="Height!"
          type="text"
          value=""
        />
        <button>
          Add Box!
        </button>
      </form>
    </div>
    <div
      class="Boxlist-box-container"
    />
  </div>
</DocumentFragment>
`;
